---
source: rbx_xml/tests/test-files.rs
expression: viewer.view_children(&dom)
---
- referent: referent-0
  name: BallSocketConstraint
  class: BallSocketConstraint
  properties:
    Attachment0: "null"
    Attachment1: "null"
    AttributesSerialize:
      Type: BinaryString
      Value: ""
    Color:
      Type: BrickColor
      Value: 1009
    Enabled:
      Type: Bool
      Value: true
    LimitsEnabled:
      Type: Bool
      Value: false
    Radius:
      Type: Float32
      Value: 0.15000000596046449
    Restitution:
      Type: Float32
      Value: 0.0
    SourceAssetId:
      Type: Int64
      Value: -1
    Tags:
      Type: BinaryString
      Value: ""
    TwistLimitsEnabled:
      Type: Bool
      Value: false
    TwistLowerAngle:
      Type: Float32
      Value: -45.0
    TwistUpperAngle:
      Type: Float32
      Value: 45.0
    UpperAngle:
      Type: Float32
      Value: 45.0
    Visible:
      Type: Bool
      Value: false
  children: []
